// Vitest Snapshot v1, https://vitest.dev/guide/snapshot.html

exports[`transformer-applet > basic 1`] = `
{
  "code": "<!-- eslint-disable @typescript-eslint/quotes -->
<script setup lang=\\"ts\\">
import { ref } from 'vue'
const bg = 'bg-_a_hsl_a_2_a_7_a_81_a_9_a__a_69_a_6_a__a__a_'

const icon = \\"i-carbon:campsite\\"
const bgIgnore = 'bg-_a_hsl_a_2_a_7_a_81_a_9_a__a_69_a_6_a__a__a_'
const index = 1
const customClass = 'text-red'
const bool = ref<boolean>()
const border = ref(true)
const fixed = ref(true)
</script>

<template>
  <div class=\\"text-center aaa\\" p=\\"4\\">
    <div text=\\"4xl\\" class=\\"rotate-180 i-carbon-campsite\\" :class=\\"bg\\" />
    <div :class=\\"[border && 'u-border-top', fixed && 'u-tabbar--fixed']\\" />
    <div class=\\"border bg-blue-200 font-(light mono) \\" :cc=\\"customClass\\">
      <div class=\\"hover:(!bg-gray-600 text-red font-bold)\\" text=\\"#fff\\">
        {{ 'hover:(!bg-gray-600 text-red font-bold)' }}
      </div>
    </div>
    <div :class=\\"\`p-2_a_5 \${bool ? 'p-0_a_5' : ''}\`\\" m-2 :hover-class=\\"['_a_bg-green']\\">
      class=\\"hover_a_bg-green\\"
    </div>
    <div flex=\\"~ col gap-1\\" class=\\"p-1\\" items-center :class=\\"bool ? 'text-yellow-500 px-2_a_5' : ''\\">
      <div :class=\\"icon\\" inline-block color=\\"blue\\" text=\\"xl !red\\" />
      <div bg=\\"green-(!200 800)\\">
        {{ \`index\${index + 1}\` }}{{ \`index\` }}
      </div>
    </div>
    <div flex=\\"~ col\\" un-b=\\"~ green\\" :class=\\"\`bg-\${bg}\`\\">
      <div text-right h-10 flex=\\"1\\" text=\\"red\\" :class=\\"{ 'text-sm': index > 0 }\\">
        0123456789
      </div>
      <div
        h-10 flex=\\"1\\" :class=\\"[index > 1 ? 'text' : '']\\"
        text=\\"blue dark:(red !bold)\\" :style=\\"[index > 1 ? '' : '']\\"
        :type=\\"index > 1\\"
      >
        {{ bgIgnore }}
      </div>
    </div>
    <div class=\\"bg-_a_url_a_https_a__a__a_static_a_runoob_a_com_a_images_a_demo_a_demo2_a_jpg_a__a_\\" w-40 h-20 ma color=\\"white\\" bg=\\"center cover\\">
      {{ 'bg-_a_url_a_https_a__a__a_static_a_runoob_a_com_a_images_a_demo_a_demo2_a_jpg_a__a_' }}
    </div>
    <div class=\\"m-0_a_5 p-1 text-2xl\\" :class=\\"bool ? '' : 'text-yellow-500 p-2_a_5'\\">
      abckefghijklmnopqrstuvwxyz
    </div>
  </div>
</template>
",
  "css": "/* layer: default */
.fixed{position:fixed;}
.m-0_a_5{margin:0.125rem;}
.m-2{margin:0.5rem;}
.ma{margin:auto;}
.inline-block{display:inline-block;}
.h-10{height:2.5rem;}
.h-20{height:5rem;}
.w-40{width:10rem;}
.rotate-180{--un-rotate-x:0;--un-rotate-y:0;--un-rotate-z:0;--un-rotate:180deg;transform:translateX(var(--un-translate-x)) translateY(var(--un-translate-y)) translateZ(var(--un-translate-z)) rotate(var(--un-rotate)) rotateX(var(--un-rotate-x)) rotateY(var(--un-rotate-y)) rotateZ(var(--un-rotate-z)) skewX(var(--un-skew-x)) skewY(var(--un-skew-y)) scaleX(var(--un-scale-x)) scaleY(var(--un-scale-y)) scaleZ(var(--un-scale-z));}
.items-center{align-items:center;}
.gap-1{grid-gap:0.25rem;gap:0.25rem;}
.border{border-width:1px;}
._a_bg-green{--un-bg-opacity:1 !important;background-color:rgba(74,222,128,var(--un-bg-opacity)) !important;}
.bg-_a_hsl_a_2_a_7_a_81_a_9_a__a_69_a_6_a__a__a_{--un-bg-opacity:1;background-color:hsla(2.7,81.9%,69.6%,var(--un-bg-opacity));}
.bg-blue-200{--un-bg-opacity:1;background-color:rgba(191,219,254,var(--un-bg-opacity));}
.hover_a_bg-green:hover{--un-bg-opacity:1;background-color:rgba(74,222,128,var(--un-bg-opacity));}
.bg-_a_url_a_https_a__a__a_static_a_runoob_a_com_a_images_a_demo_a_demo2_a_jpg_a__a_{--un-url:url(https://static.runoob.com/images/demo/demo2.jpg);background-image:var(--un-url);}
.p-0_a_5{padding:0.125rem;}
.p-1{padding:0.25rem;}
.p-2_a_5{padding:0.625rem;}
.px-2_a_5{padding-left:0.625rem;padding-right:0.625rem;}
.text-center{text-align:center;}
.text-right{text-align:right;}
.text-2xl{font-size:1.5rem;line-height:2rem;}
.text-sm{font-size:0.875rem;line-height:1.25rem;}
.text-red{--un-text-opacity:1;color:rgba(248,113,113,var(--un-text-opacity));}
.text-yellow-500{--un-text-opacity:1;color:rgba(234,179,8,var(--un-text-opacity));}",
}
`;
